============================================================
装修知识库自动提取工具 V4 (增强版)
============================================================
将提取 5 个文档
特性: 重试机制、长等待、多方法提取
============================================================

启动浏览器...

访问主文档...
主文档已加载

[1/5] 思维导图合集
  已点击
  正在提取内容...
  截图已保存: 思维导图合集-full.png
  文本长度: 285 字符
  成功: Markdown 已保存

[2/5] 全屋定制需求表
  已点击
  正在提取内容...
  截图已保存: 全屋定制需求表-full.png
  文本长度: 114 字符
  成功: Markdown 已保存

[3/5] 家装5大施工步骤 主材+辅材精准区分文档
  已点击
  正在提取内容...
  截图已保存: 家装5大施工步骤-主材-辅材精准区分文档-full.png
  文本长度: 116 字符
  成功: Markdown 已保存

[4/5] 主材入场规划表
  已点击
  正在提取内容...
  截图已保存: 主材入场规划表-full.png
  文本长度: 193 字符
  成功: Markdown 已保存

[5/5] 施工进度表
  已点击
  正在提取内容...
  截图已保存: 施工进度表-full.png
  文本长度: 105 字符
  成功: Markdown 已保存

============================================================
提取完成！
============================================================
成功: 5 个文档
跳过: 0 个文档 (已存在)
失败: 0 个文档
总计: 5/5

输出目录: D:\project\renovation-assistant\backend\data\knowledge\weixin-docs
图片目录: D:\project\renovation-assistant\backend\data\knowledge\weixin-docs\images
