============================================================
Extract remaining 2 documents
============================================================

Starting browser...

Navigating to main doc...
Main doc loaded

[1/2] 一口气搞懂自装修：工人选择与工费参考
  Click timeout (attempt 1/3)
  Retry 1/3...
  Click timeout (attempt 2/3)
  Retry 2/3...
  Clicked
  Extracting content...
  Screenshot saved: 一口气搞懂自装修-工人选择与工费参考-full.png
  Text length: 198 chars
  Success!

[2/2] 吊顶问题安全频发：轻钢龙骨偷工减料成行业潜规则？
  Click timeout (attempt 1/3)
  Retry 1/3...
  Click timeout (attempt 2/3)
  Retry 2/3...
  Click timeout (attempt 3/3)
  Failed: cannot click link

============================================================
Extraction complete!
============================================================
Success: 1
Skipped: 0
Failed: 1
Total: 2/2
