============================================================
装修知识库自动提取工具 V4 (增强版)
============================================================
将提取 30 个文档
特性: 重试机制、长等待、多方法提取
============================================================

启动浏览器...

访问主文档...
主文档已加载

[1/30] 一口气搞懂自装修：工人选择与工费参考
  点击超时 (尝试 1/3)
  重试 1/3...
  已点击
  失败: 未打开新标签页

[2/30] 一口气搞懂自装修：开工准备与交底细节
  已点击
  正在提取内容...
  截图已保存: 一口气搞懂自装修-开工准备与交底细节-full.png
  文本长度: 202 字符
  成功: Markdown 已保存

[3/30] 一口气搞懂自装修：打拆环节
  已点击
  正在提取内容...
  截图已保存: 一口气搞懂自装修-打拆环节-full.png
  文本长度: 202 字符
  成功: Markdown 已保存

[4/30] 一口气搞懂自装修：新建环节
  文件已存在，跳过

[5/30] 一口气搞懂自装修：电路环节
  已点击
  正在提取内容...
  截图已保存: 一口气搞懂自装修-电路环节-full.png
  文本长度: 332 字符
  成功: Markdown 已保存

[6/30] 一口气搞懂自装修：封窗环节
  已点击
  正在提取内容...
  截图已保存: 一口气搞懂自装修-封窗环节-full.png
  文本长度: 202 字符
  成功: Markdown 已保存

[7/30] 一口气搞懂自装修：水路环节
  已点击
  正在提取内容...
  截图已保存: 一口气搞懂自装修-水路环节-full.png
  文本长度: 259 字符
  成功: Markdown 已保存

[8/30] 一口气搞懂自装修：防水环节
  已点击
  正在提取内容...
  截图已保存: 一口气搞懂自装修-防水环节-full.png
  文本长度: 202 字符
  成功: Markdown 已保存

[9/30] 一口气搞懂自装修：二次排水与回填环节
  已点击
  正在提取内容...
  截图已保存: 一口气搞懂自装修-二次排水与回填环节-full.png
  文本长度: 202 字符
  成功: Markdown 已保存

[10/30] 一口气搞懂自装修：木工环节
  已点击
  正在提取内容...
  截图已保存: 一口气搞懂自装修-木工环节-full.png
  文本长度: 202 字符
  成功: Markdown 已保存

[11/30] 一口气搞懂自装修：瓦工环节
  已点击
  正在提取内容...
  截图已保存: 一口气搞懂自装修-瓦工环节-full.png
  文本长度: 202 字符
  成功: Markdown 已保存

[12/30] 一口气搞懂自装修：美缝环节
  已点击
  正在提取内容...
  截图已保存: 一口气搞懂自装修-美缝环节-full.png
  文本长度: 202 字符
  成功: Markdown 已保存

[13/30] 一口气搞懂自装修：油工环节
  已点击
  正在提取内容...
  截图已保存: 一口气搞懂自装修-油工环节-full.png
  文本长度: 202 字符
  成功: Markdown 已保存

[14/30] 一口气搞懂自装修：瓷砖选择
  已点击
  正在提取内容...
  截图已保存: 一口气搞懂自装修-瓷砖选择-full.png
  文本长度: 199 字符
  成功: Markdown 已保存

[15/30] 一口气搞懂全屋定制
  已点击
  正在提取内容...
  截图已保存: 一口气搞懂全屋定制-full.png
  文本长度: 225 字符
  成功: Markdown 已保存

[16/30] 地暖安装全流程：从选材到施工
  已点击
  正在提取内容...
  截图已保存: 地暖安装全流程-从选材到施工-full.png
  文本长度: 199 字符
  成功: Markdown 已保存

[17/30] 一口气搞懂自装修：空调选购篇
  已点击
  正在提取内容...
  截图已保存: 一口气搞懂自装修-空调选购篇-full.png
  文本长度: 202 字符
  成功: Markdown 已保存

[18/30] 一口气搞懂自装修：暖通三方案对比
  已点击
  正在提取内容...
  截图已保存: 一口气搞懂自装修-暖通三方案对比-full.png
  文本长度: 198 字符
  成功: Markdown 已保存

[19/30] 一口气搞懂自装修：中央空调安装全流程
  已点击
  正在提取内容...
  截图已保存: 一口气搞懂自装修-中央空调安装全流程-full.png
  文本长度: 194 字符
  成功: Markdown 已保存

[20/30] 主材是上限，辅材是下限！一口气搞懂瓦工辅材选购
  已点击
  正在提取内容...
  截图已保存: 主材是上限-辅材是下限-一口气搞懂瓦工辅材选购-full.png
  文本长度: 224 字符
  成功: Markdown 已保存

[21/30] 防水材料怎么选？看国标！选对耶斯来了它也漏不了！
  已点击
  正在提取内容...
  截图已保存: 防水材料怎么选-看国标-选对耶斯来了它也漏不了-full.png
  文本长度: 224 字符
  成功: Markdown 已保存

[22/30] 材料没选对，甲醛翻两倍！一口气搞懂油工材料选购
  已点击
  正在提取内容...
  截图已保存: 材料没选对-甲醛翻两倍-一口气搞懂油工材料选购-full.png
  文本长度: 224 字符
  成功: Markdown 已保存

[23/30] 植筋胶&钢筋 国标选购法！拒绝师傅墙裂推荐！
  已点击
  正在提取内容...
  截图已保存: 植筋胶-钢筋-国标选购法-拒绝师傅墙裂推荐-full.png
  文本长度: 215 字符
  成功: Markdown 已保存

[24/30] 辅材差了墙能好？砌墙砖砂水泥大盘点，自装人必看！
  已点击
  正在提取内容...
  截图已保存: 辅材差了墙能好-砌墙砖砂水泥大盘点-自装人必看-full.png
  文本长度: 216 字符
  成功: Markdown 已保存

[25/30] 冷热水管怎么选？ GBT18742+CJT258 双标对照
  已点击
  正在提取内容...
  截图已保存: 冷热水管怎么选-GBT18742-CJT258-双标对照-full.png
  文本长度: 215 字符
  成功: Markdown 已保存

[26/30] 国标电路材料购指南，自装、半包业主必看！
  已点击
  正在提取内容...
  截图已保存: 国标电路材料购指南-自装-半包业主必看-full.png
  文本长度: 216 字符
  成功: Markdown 已保存

[27/30] 水电改造三步核心指南（设计交底+材料选购+施工验收）
  已点击
  正在提取内容...
  截图已保存: 水电改造三步核心指南-设计交底-材料选购-施工验收-full.png
  文本长度: 202 字符
  成功: Markdown 已保存

[28/30] 吊顶施工全流程要点表
  已点击
  正在提取内容...
  截图已保存: 吊顶施工全流程要点表-full.png
  文本长度: 202 字符
  成功: Markdown 已保存

[29/30] 瓦工施工全流程避坑指南（四步闭环）
  已点击
  正在提取内容...
  截图已保存: 瓦工施工全流程避坑指南-四步闭环-full.png
  文本长度: 202 字符
  成功: Markdown 已保存

[30/30] 墙面装修（材料+施工+交底+验收）核心总结
  已点击
  正在提取内容...
  截图已保存: 墙面装修-材料-施工-交底-验收-核心总结-full.png
  文本长度: 202 字符
  成功: Markdown 已保存

============================================================
提取完成！
============================================================
成功: 28 个文档
跳过: 1 个文档 (已存在)
失败: 1 个文档
总计: 30/30

输出目录: d:\project\renovation-assistant\backend\data\knowledge\weixin-docs
图片目录: d:\project\renovation-assistant\backend\data\knowledge\weixin-docs\images
